[managerial-accounting] yt: 'Edspira managerial accounting cost behavior CVP analysis'
[managerial-accounting] yt: 'activity based costing explained example'
[managerial-accounting] yt: 'variance analysis standard costing explained'
[managerial-accounting] yt: 'Accounting Stuff managerial accounting basics'
[managerial-accounting] reddit: r/Accounting
[statistics-quant] yt: 'StatQuest hypothesis testing clearly explained'
[statistics-quant] yt: 'StatQuest linear regression clearly explained'
[statistics-quant] yt: 'StatQuest p-values and confidence intervals'
[statistics-quant] yt: 'business statistics for managers regression forecasting'
[statistics-quant] reddit: r/statistics
[marketing-strategy] yt: 'April Dunford positioning obviously awesome'
[marketing-strategy] yt: 'Byron Sharp How Brands Grow laws of growth'
[marketing-strategy] yt: 'segmentation targeting positioning STP marketing explained'
[marketing-strategy] yt: 'customer lifetime value CAC unit economics explained'
[marketing-strategy] reddit: r/marketing
[information-systems] yt: 'management information systems explained MBA'
[information-systems] yt: 'ERP enterprise systems explained business'
[information-systems] yt: 'relational database fundamentals explained'
[information-systems] yt: 'data governance and data management basics'
[information-systems] reddit: r/BusinessIntelligence
[business-law] yt: 'business law basics contracts explained'
[business-law] yt: 'intellectual property law for business explained'
[business-law] yt: 'employment law basics for managers'
[business-law] yt: 'antitrust competition law explained'
[business-law] reddit: r/smallbusiness
DONE: 20 yt files, 5 reddit files across 5 gap areas
